\BOOKMARK [0][-]{chapter.1}{\376\377\000M\000a\000p\000e\000o\000s}{}% 1
\BOOKMARK [1][-]{section.1.1}{\376\377\000D\000e\000f\000i\000n\000i\000c\000i\000\363\000n\000\040\000y\000\040\000e\000j\000e\000m\000p\000l\000o\000s\000\040\000b\000\341\000s\000i\000c\000o\000s}{chapter.1}% 2
\BOOKMARK [1][-]{section.1.2}{\376\377\000I\000m\000a\000g\000e\000n\000\040\000i\000n\000v\000e\000r\000s\000a\000,\000\040\000d\000o\000m\000i\000n\000i\000o\000\040\000y\000\040\000r\000a\000n\000g\000o}{chapter.1}% 3
\BOOKMARK [1][-]{section.1.3}{\376\377\000I\000n\000y\000e\000c\000t\000i\000v\000i\000d\000a\000d\000,\000\040\000s\000o\000b\000r\000e\000y\000e\000c\000t\000i\000v\000i\000d\000a\000d\000\040\000y\000\040\000b\000i\000y\000e\000c\000t\000i\000v\000i\000d\000a\000d}{chapter.1}% 4
\BOOKMARK [1][-]{section.1.4}{\376\377\000M\000a\000p\000e\000o\000\040\000c\000o\000n\000s\000t\000a\000n\000t\000e\000,\000\040\000r\000e\000s\000t\000r\000i\000c\000c\000i\000\363\000n\000\040\000y\000\040\000c\000o\000m\000p\000o\000s\000i\000c\000i\000\363\000n}{chapter.1}% 5
\BOOKMARK [1][-]{section.1.5}{\376\377\000M\000a\000p\000e\000o\000\040\000i\000n\000c\000l\000u\000s\000i\000\363\000n\000\040\000e\000\040\000i\000d\000e\000n\000t\000i\000d\000a\000d}{chapter.1}% 6
\BOOKMARK [1][-]{section.1.6}{\376\377\000M\000a\000p\000e\000o\000\040\000i\000n\000v\000e\000r\000s\000o}{chapter.1}% 7
\BOOKMARK [0][-]{chapter.2}{\376\377\000P\000r\000o\000d\000u\000c\000t\000o\000\040\000C\000a\000r\000t\000e\000s\000i\000a\000n\000o}{}% 8
\BOOKMARK [1][-]{section.2.1}{\376\377\000D\000e\000f\000i\000n\000i\000c\000i\000\363\000n\000\040\000y\000\040\000e\000j\000e\000m\000p\000l\000o\000s}{chapter.2}% 9
\BOOKMARK [1][-]{section.2.2}{\376\377\000C\000a\000r\000d\000i\000n\000a\000l\000i\000d\000a\000d\000\040\000d\000e\000l\000\040\000p\000r\000o\000d\000u\000c\000t\000o\000\040\000c\000a\000r\000t\000e\000s\000i\000a\000n\000o}{chapter.2}% 10
\BOOKMARK [2][-]{subsection.2.2.1}{\376\377\000C\000a\000s\000o\000s\000\040\000p\000a\000r\000t\000i\000c\000u\000l\000a\000r\000e\000s}{section.2.2}% 11
\BOOKMARK [1][-]{section.2.3}{\376\377\000P\000r\000o\000d\000u\000c\000t\000o\000\040\000c\000a\000r\000t\000e\000s\000i\000a\000n\000o\000\040\000d\000e\000\040\000c\000o\000n\000j\000u\000n\000t\000o\000s\000\040\000c\000o\000n\000t\000i\000n\000u\000o\000s}{chapter.2}% 12
\BOOKMARK [1][-]{section.2.4}{\376\377\000P\000r\000o\000d\000u\000c\000t\000o\000\040\000c\000a\000r\000t\000e\000s\000i\000a\000n\000o\000\040\000d\000e\000\040\000c\000o\000n\000j\000u\000n\000t\000o\000s\000\040\000u\000n\000i\000d\000i\000m\000e\000n\000s\000i\000o\000n\000a\000l\000e\000s\000\040\000c\000u\000r\000v\000o\000s}{chapter.2}% 13
\BOOKMARK [1][-]{section.2.5}{\376\377\000P\000r\000o\000d\000u\000c\000t\000o\000\040\000c\000a\000r\000t\000e\000s\000i\000a\000n\000o\000\040\000e\000n\000\040\000d\000i\000m\000e\000n\000s\000i\000o\000n\000e\000s\000\040\000m\000a\000y\000o\000r\000e\000s}{chapter.2}% 14
\BOOKMARK [1][-]{section.2.6}{\376\377\000I\000n\000t\000e\000g\000r\000a\000c\000i\000\363\000n\000\040\000y\000\040\000p\000r\000o\000d\000u\000c\000t\000o\000\040\000c\000a\000r\000t\000e\000s\000i\000a\000n\000o}{chapter.2}% 15
\BOOKMARK [2][-]{subsection.2.6.1}{\376\377\000E\000l\000\040\000c\000a\000s\000o\000\040\000r\000e\000c\000t\000a\000n\000g\000u\000l\000a\000r\000\040\000D\000=\000I\0001\000x\000I\0002}{section.2.6}% 16
\BOOKMARK [2][-]{subsection.2.6.2}{\376\377\000I\000n\000t\000e\000g\000r\000a\000l\000e\000s\000\040\000d\000e\000\040\000u\000n\000a\000\040\000d\000e\000r\000i\000v\000a\000d\000a\000\040\000p\000a\000r\000c\000i\000a\000l\000\040\000y\000\040\000e\000l\000\040\000b\000o\000r\000d\000e\000\040\000d\000e\000l\000\040\000r\000e\000c\000t\000\341\000n\000g\000u\000l\000o}{section.2.6}% 17
\BOOKMARK [0][-]{chapter.3}{\376\377\000F\000r\000o\000n\000t\000e\000r\000a}{}% 18
\BOOKMARK [1][-]{section.3.1}{\376\377\000E\000s\000p\000a\000c\000i\000o\000s\000\040\000t\000o\000p\000o\000l\000\363\000g\000i\000c\000o\000s}{chapter.3}% 19
\BOOKMARK [1][-]{section.3.2}{\376\377\000E\000s\000p\000a\000c\000i\000o\000s\000\040\000d\000e\000\040\000H\000a\000u\000s\000d\000o\000r\000f\000f}{chapter.3}% 20
\BOOKMARK [1][-]{section.3.3}{\376\377\000E\000n\000t\000o\000r\000n\000o\000s}{chapter.3}% 21
\BOOKMARK [1][-]{section.3.4}{\376\377\000U\000n\000\040\000t\000e\000o\000r\000e\000m\000a\000\040\000a\000u\000x\000i\000l\000i\000a\000r\000:\000\040\000l\000a\000\040\000p\000r\000o\000p\000i\000e\000d\000a\000d\000\040\000d\000e\000\040\000A\000r\000q\000u\000\355\000m\000e\000d\000e\000s}{chapter.3}% 22
\BOOKMARK [1][-]{section.3.5}{\376\377\000P\000u\000n\000t\000o\000s\000\040\000d\000e\000\040\000a\000c\000u\000m\000u\000l\000a\000c\000i\000\363\000n}{chapter.3}% 23
\BOOKMARK [1][-]{section.3.6}{\376\377\000I\000n\000t\000e\000r\000i\000o\000r\000\040\000d\000e\000\040\000u\000n\000\040\000c\000o\000n\000j\000u\000n\000t\000o}{chapter.3}% 24
\BOOKMARK [1][-]{section.3.7}{\376\377\000C\000o\000n\000j\000u\000n\000t\000o\000s\000\040\000c\000o\000m\000p\000a\000c\000t\000o\000s}{chapter.3}% 25
\BOOKMARK [1][-]{section.3.8}{\376\377\000C\000l\000a\000u\000s\000u\000r\000a\000\040\000d\000e\000\040\000u\000n\000\040\000c\000o\000n\000j\000u\000n\000t\000o}{chapter.3}% 26
\BOOKMARK [1][-]{section.3.9}{\376\377\000F\000r\000o\000n\000t\000e\000r\000a\000\040\000d\000e\000\040\000u\000n\000\040\000c\000o\000n\000j\000u\000n\000t\000o}{chapter.3}% 27
\BOOKMARK [1][-]{section.3.10}{\376\377\000L\000a\000\040\000f\000r\000o\000n\000t\000e\000r\000a\000\040\000d\000e\000\040\000u\000n\000\040\000r\000e\000c\000t\000\341\000n\000g\000u\000l\000o}{chapter.3}% 28
\BOOKMARK [0][-]{chapter.4}{\376\377\000T\000r\000a\000n\000s\000f\000o\000r\000m\000a\000c\000i\000\363\000n\000\040\000d\000e\000\040\000C\000o\000o\000r\000d\000e\000n\000a\000d\000a\000s}{}% 29
\BOOKMARK [1][-]{section.4.1}{\376\377\000M\000o\000t\000i\000v\000a\000c\000i\000\363\000n}{chapter.4}% 30
\BOOKMARK [1][-]{section.4.2}{\376\377\000C\000o\000o\000r\000d\000i\000n\000a\000t\000i\000z\000a\000c\000i\000\363\000n\000\040\000d\000e\000l\000\040\000e\000s\000p\000a\000c\000i\000o}{chapter.4}% 31
\BOOKMARK [1][-]{section.4.3}{\376\377\000T\000r\000a\000n\000s\000f\000o\000r\000m\000a\000c\000i\000\363\000n\000\040\000d\000e\000\040\000c\000o\000o\000r\000d\000e\000n\000a\000d\000a\000s}{chapter.4}% 32
\BOOKMARK [2][-]{subsection.4.3.1}{\376\377\000E\000l\000\040\000j\000a\000c\000o\000b\000i\000a\000n\000o\000\040\000d\000e\000\040\000l\000a\000\040\000t\000r\000a\000n\000s\000f\000o\000r\000m\000a\000c\000i\000\363\000n}{section.4.3}% 33
\BOOKMARK [1][-]{section.4.4}{\376\377\000V\000e\000c\000t\000o\000r\000e\000s\000\040\000b\000a\000s\000e}{chapter.4}% 34
\BOOKMARK [1][-]{section.4.5}{\376\377\000C\000o\000m\000p\000o\000n\000e\000n\000t\000e\000s\000\040\000d\000e\000\040\000u\000n\000\040\000v\000e\000c\000t\000o\000r\000:\000\040\000t\000e\000n\000s\000o\000r\000e\000s\000\040\000c\000o\000n\000t\000r\000a\000v\000a\000r\000i\000a\000n\000t\000e\000s}{chapter.4}% 35
\BOOKMARK [1][-]{section.4.6}{\376\377\000V\000e\000c\000t\000o\000r\000e\000s\000\040\000d\000u\000a\000l\000e\000s\000\040\000y\000\040\000t\000e\000n\000s\000o\000r\000e\000s\000\040\000c\000o\000v\000a\000r\000i\000a\000n\000t\000e\000s}{chapter.4}% 36
\BOOKMARK [1][-]{section.4.7}{\376\377\000L\000a\000\040\000m\000\351\000t\000r\000i\000c\000a}{chapter.4}% 37
\BOOKMARK [2][-]{subsection.4.7.1}{\376\377\000E\000l\000\040\000e\000l\000e\000m\000e\000n\000t\000o\000\040\000d\000e\000\040\000l\000\355\000n\000e\000a}{section.4.7}% 38
\BOOKMARK [1][-]{section.4.8}{\376\377\000I\000n\000v\000a\000r\000i\000a\000n\000t\000e\000s\000:\000\040\000p\000r\000o\000d\000u\000c\000t\000o\000\040\000e\000s\000c\000a\000l\000a\000r\000,\000\040\000m\000a\000g\000n\000i\000t\000u\000d\000\040\000y\000\040\000\341\000n\000g\000u\000l\000o}{chapter.4}% 39
\BOOKMARK [1][-]{section.4.9}{\376\377\000L\000a\000\040\000m\000\351\000t\000r\000i\000c\000a\000\040\000i\000n\000v\000e\000r\000s\000a}{chapter.4}% 40
\BOOKMARK [1][-]{section.4.10}{\376\377\000L\000o\000s\000\040\000t\000r\000e\000s\000\040\000s\000\355\000m\000b\000o\000l\000o\000s\000\040\000d\000e\000l\000t\000a}{chapter.4}% 41
\BOOKMARK [0][-]{chapter.5}{\376\377\000A\000n\000\341\000l\000i\000s\000i\000s\000\040\000T\000e\000n\000s\000o\000r\000i\000a\000l}{}% 42
\BOOKMARK [1][-]{section.5.1}{\376\377\000C\000o\000n\000v\000e\000n\000c\000i\000\363\000n\000\040\000d\000e\000\040\000s\000u\000m\000a\000\040\000d\000e\000\040\000E\000i\000n\000s\000t\000e\000i\000n}{chapter.5}% 43
\BOOKMARK [1][-]{section.5.2}{\376\377\000S\000u\000b\000i\000r\000\040\000y\000\040\000b\000a\000j\000a\000r\000\040\000\355\000n\000d\000i\000c\000e\000s}{chapter.5}% 44
\BOOKMARK [1][-]{section.5.3}{\376\377\000E\000l\000\040\000p\000r\000o\000d\000u\000c\000t\000o\000\040\000t\000e\000n\000s\000o\000r\000i\000a\000l}{chapter.5}% 45
\BOOKMARK [2][-]{subsection.5.3.1}{\376\377\000M\000o\000t\000i\000v\000a\000c\000i\000\363\000n\000:\000\040\000p\000r\000o\000d\000u\000c\000t\000o\000\040\000t\000e\000n\000s\000o\000r\000i\000a\000l\000\040\000d\000e\000\040\000m\000a\000t\000r\000i\000c\000e\000s\000\040\000c\000o\000l\000u\000m\000n\000a}{section.5.3}% 46
\BOOKMARK [2][-]{subsection.5.3.2}{\376\377\000P\000r\000o\000d\000u\000c\000t\000o\000\040\000t\000e\000n\000s\000o\000r\000i\000a\000l\000\040\000d\000e\000\040\000e\000s\000p\000a\000c\000i\000o\000s\000\040\000v\000e\000c\000t\000o\000r\000i\000a\000l\000e\000s\000\040\000g\000e\000n\000\351\000r\000i\000c\000o\000s}{section.5.3}% 47
\BOOKMARK [2][-]{subsection.5.3.3}{\376\377\000G\000e\000n\000e\000r\000a\000l\000i\000z\000a\000c\000i\000\363\000n\000\040\000a\000\040\000t\000e\000n\000s\000o\000r\000e\000s\000\040\000d\000e\000\040\000o\000r\000d\000e\000n\000\040\000\050\000p\000,\0000\000\051}{section.5.3}% 48
\BOOKMARK [2][-]{subsection.5.3.4}{\376\377\000G\000e\000n\000e\000r\000a\000l\000i\000z\000a\000c\000i\000\363\000n\000\040\000a\000\040\000t\000e\000n\000s\000o\000r\000e\000s\000\040\000d\000e\000\040\000o\000r\000d\000e\000n\000\040\000\050\0000\000,\000q\000\051}{section.5.3}% 49
\BOOKMARK [2][-]{subsection.5.3.5}{\376\377\000G\000e\000n\000e\000r\000a\000l\000i\000z\000a\000c\000i\000\363\000n\000\040\000a\000\040\000t\000e\000n\000s\000o\000r\000e\000s\000\040\000d\000e\000\040\000o\000r\000d\000e\000n\000\040\000\050\0001\000,\0001\000\051\000\040\000y\000\040\000\050\000p\000,\000q\000\051}{section.5.3}% 50
\BOOKMARK [1][-]{section.5.4}{\376\377\000S\000u\000b\000i\000r\000\040\000y\000\040\000b\000a\000j\000a\000r\000\040\000\355\000n\000d\000i\000c\000e\000s\000\040\000e\000n\000\040\000t\000e\000n\000s\000o\000r\000e\000s\000\040\000g\000e\000n\000e\000r\000a\000l\000e\000s}{chapter.5}% 51
\BOOKMARK [2][-]{subsection.5.4.1}{\376\377\000L\000o\000s\000\040\000s\000\355\000m\000b\000o\000l\000o\000s\000\040\000d\000e\000\040\000C\000h\000r\000i\000s\000t\000o\000f\000f\000e\000l}{section.5.4}% 52
\BOOKMARK [1][-]{section.5.5}{\376\377\000O\000p\000e\000r\000a\000c\000i\000o\000n\000e\000s\000\040\000c\000o\000n\000\040\000t\000e\000n\000s\000o\000r\000e\000s}{chapter.5}% 53
\BOOKMARK [1][-]{section.5.6}{\376\377\000S\000i\000m\000e\000t\000r\000\355\000a\000s}{chapter.5}% 54
\BOOKMARK [2][-]{subsection.5.6.1}{\376\377\000E\000l\000\040\000s\000\355\000m\000b\000o\000l\000o\000\040\000d\000e\000\040\000L\000e\000v\000i\000-\000C\000i\000v\000i\000t\000a}{section.5.6}% 55
\BOOKMARK [1][-]{section.5.7}{\376\377\000P\000r\000o\000d\000u\000c\000t\000o\000\040\000v\000e\000c\000t\000o\000r\000i\000a\000l}{chapter.5}% 56
\BOOKMARK [1][-]{section.5.8}{\376\377\000D\000e\000r\000i\000v\000a\000d\000a\000\040\000c\000o\000v\000a\000r\000i\000a\000n\000t\000e}{chapter.5}% 57
\BOOKMARK [1][-]{section.5.9}{\376\377\000E\000l\000\040\000o\000p\000e\000r\000a\000d\000o\000r\000\040\000r\000o\000t\000a\000c\000i\000o\000n\000a\000l}{chapter.5}% 58
\BOOKMARK [1][-]{section.5.10}{\376\377\000N\000o\000t\000a\000c\000i\000\363\000n\000\040\000t\000e\000n\000s\000o\000r\000i\000a\000l}{chapter.5}% 59
\BOOKMARK [1][-]{section.5.11}{\376\377\000I\000n\000v\000a\000r\000i\000a\000n\000c\000i\000a\000\040\000d\000e\000\040\000l\000a\000\040\000a\000c\000c\000i\000\363\000n}{chapter.5}% 60
\BOOKMARK [0][-]{chapter.6}{\376\377\000O\000b\000j\000e\000t\000o\000s\000\040\000E\000x\000t\000e\000n\000d\000i\000d\000o\000s}{}% 61
\BOOKMARK [1][-]{section.6.1}{\376\377\000I\000n\000t\000r\000o\000d\000u\000c\000c\000i\000\363\000n}{chapter.6}% 62
\BOOKMARK [2][-]{subsection.6.1.1}{\376\377\000L\000a\000\040\000c\000u\000e\000r\000d\000a\000\040\000v\000i\000b\000r\000a\000n\000t\000e}{section.6.1}% 63
\BOOKMARK [2][-]{subsection.6.1.2}{\376\377\000G\000e\000n\000e\000r\000a\000l\000i\000z\000a\000c\000i\000\363\000n\000\040\000a\000\040\000l\000a\000\040\000m\000e\000m\000b\000r\000a\000n\000a\000\040\000v\000i\000b\000r\000a\000n\000t\000e}{section.6.1}% 64
\BOOKMARK [2][-]{subsection.6.1.3}{\376\377\000C\000a\000m\000p\000o\000s\000\040\000v\000e\000r\000s\000u\000s\000\040\000c\000o\000o\000r\000d\000e\000n\000a\000d\000a\000s}{section.6.1}% 65
\BOOKMARK [2][-]{subsection.6.1.4}{\376\377\000E\000l\000\040\000p\000r\000o\000b\000l\000e\000m\000a\000\040\000d\000e\000\040\000C\000a\000u\000c\000h\000y}{section.6.1}% 66
\BOOKMARK [1][-]{section.6.2}{\376\377\000C\000a\000d\000e\000n\000a\000\040\000u\000n\000i\000d\000i\000m\000e\000n\000s\000i\000o\000n\000a\000l}{chapter.6}% 67
\BOOKMARK [1][-]{section.6.3}{\376\377\000C\000a\000d\000e\000n\000a\000\040\000c\000o\000n\000t\000i\000n\000u\000a}{chapter.6}% 68
\BOOKMARK [2][-]{subsection.6.3.1}{\376\377\000E\000l\000\040\000l\000\355\000m\000i\000t\000e\000\040\000d\000e\000\040\000l\000a\000\040\000f\000u\000n\000c\000i\000\363\000n\000\040\000L\000a\000g\000r\000a\000n\000g\000i\000a\000n\000a}{section.6.3}% 69
\BOOKMARK [1][-]{section.6.4}{\376\377\000F\000o\000r\000m\000u\000l\000a\000c\000i\000\363\000n\000\040\000L\000a\000g\000r\000a\000n\000g\000i\000a\000n\000a\000\040\000p\000a\000r\000a\000\040\000s\000i\000s\000t\000e\000m\000a\000s\000\040\000c\000o\000n\000t\000i\000n\000u\000o\000s}{chapter.6}% 70
\BOOKMARK [2][-]{subsection.6.4.1}{\376\377\000G\000e\000n\000e\000r\000a\000l\000i\000z\000a\000c\000i\000\363\000n\000\040\000a\000\040\000l\000a\000\040\000m\000e\000m\000b\000r\000a\000n\000a\000\040\000y\000\040\000a\000\040\000t\000r\000e\000s\000\040\000d\000i\000m\000e\000n\000s\000i\000o\000n\000e\000s}{section.6.4}% 71
\BOOKMARK [1][-]{section.6.5}{\376\377\000O\000n\000d\000a\000s\000\040\000p\000l\000a\000n\000a\000s}{chapter.6}% 72
\BOOKMARK [2][-]{subsection.6.5.1}{\376\377\000D\000e\000f\000i\000n\000i\000c\000i\000\363\000n\000\040\000d\000e\000\040\000o\000n\000d\000a\000\040\000p\000l\000a\000n\000a}{section.6.5}% 73
\BOOKMARK [1][-]{section.6.6}{\376\377\000N\000o\000t\000a\000c\000i\000\363\000n\000\040\000c\000o\000m\000p\000a\000c\000t\000a\000:\000\040\000l\000a\000\040\000m\000\351\000t\000r\000i\000c\000a\000\040\000d\000e\000\040\000M\000i\000n\000k\000o\000w\000s\000k\000i}{chapter.6}% 74
\BOOKMARK [2][-]{subsection.6.6.1}{\376\377\000E\000c\000u\000a\000c\000i\000\363\000n\000\040\000d\000e\000\040\000c\000a\000m\000p\000o\000\040\000e\000n\000\040\000n\000o\000t\000a\000c\000i\000\363\000n\000\040\000c\000o\000m\000p\000a\000c\000t\000a}{section.6.6}% 75
\BOOKMARK [1][-]{section.6.7}{\376\377\000C\000o\000n\000d\000i\000c\000i\000o\000n\000e\000s\000\040\000d\000e\000\040\000b\000o\000r\000d\000e}{chapter.6}% 76
\BOOKMARK [1][-]{section.6.8}{\376\377\000C\000o\000n\000c\000l\000u\000s\000i\000o\000n\000e\000s}{chapter.6}% 77
